#
# There is insufficient memory for the Java Runtime Environment to continue.
# Native memory allocation (mmap) failed to map 266338304 bytes for G1 virtual space
# Possible reasons:
#   The system is out of physical RAM or swap space
#   The process is running with CompressedOops enabled, and the Java Heap may be blocking the growth of the native heap
# Possible solutions:
#   Reduce memory load on the system
#   Increase physical memory or swap space
#   Check if swap backing store is full
#   Decrease Java heap size (-Xmx/-Xms)
#   Decrease number of Java threads
#   Decrease Java thread stack sizes (-Xss)
#   Set larger code cache with -XX:ReservedCodeCacheSize=
#   JVM is running with Zero Based Compressed Oops mode in which the Java heap is
#     placed in the first 32GB address space. The Java Heap base address is the
#     maximum limit for the native heap growth. Please use -XX:HeapBaseMinAddress
#     to set the Java Heap base and to place the Java Heap above 32GB virtual address.
# This output file may be truncated or incomplete.
#
#  Out of Memory Error (os_windows.cpp:3825), pid=25124, tid=25056
#
# JRE version:  (17.0.9+8) (build )
# Java VM: OpenJDK 64-Bit Server VM (17.0.9+8-b1166.2, mixed mode, sharing, tiered, compressed oops, compressed class ptrs, g1 gc, windows-amd64)
# No core dump will be written. Minidumps are not enabled by default on client versions of Windows
#

---------------  S U M M A R Y ------------

Command Line: -Dmaven.multiModuleProjectDirectory=D:\Downloads 2\MS_Reforme_Cours\PIDEV2026\EnglishSchoolManagement_Backend\schedule-service -Djansi.passthrough=true -Dmaven.home=D:\IntelliJ IDEA 2023.2.1\plugins\maven\lib\maven3 -Dclassworlds.conf=D:\IntelliJ IDEA 2023.2.1\plugins\maven\lib\maven3\bin\m2.conf -Dmaven.ext.class.path=D:\IntelliJ IDEA 2023.2.1\plugins\maven\lib\maven-event-listener.jar -javaagent:D:\IntelliJ IDEA 2023.2.1\lib\idea_rt.jar=63798:D:\IntelliJ IDEA 2023.2.1\bin -Dfile.encoding=UTF-8 org.codehaus.classworlds.Launcher -Didea.version=2023.2.1 clean package -DskipTests

Host: Intel(R) Core(TM) i5-10300H CPU @ 2.50GHz, 8 cores, 15G,  Windows 10 , 64 bit Build 19041 (10.0.19041.5915)
Time: Fri Apr 17 14:10:14 2026 Sao Tome Standard Time elapsed time: 0.062572 seconds (0d 0h 0m 0s)

---------------  T H R E A D  ---------------

Current thread (0x00000210b01046e0):  JavaThread "Unknown thread" [_thread_in_vm, id=25056, stack(0x000000ccf3000000,0x000000ccf3100000)]

Stack: [0x000000ccf3000000,0x000000ccf3100000]
Native frames: (J=compiled Java code, j=interpreted, Vv=VM code, C=native code)
V  [jvm.dll+0x688349]  os::platform_print_native_stack+0xd9  (os_windows_x86.cpp:235)
V  [jvm.dll+0x841bfa]  VMError::report+0xc6a  (vmError.cpp:855)
V  [jvm.dll+0x84383e]  VMError::report_and_die+0x78e  (vmError.cpp:1749)
V  [jvm.dll+0x843ea3]  VMError::report_and_die+0x43  (vmError.cpp:1535)
V  [jvm.dll+0x24bdef]  report_vm_out_of_memory+0x8f  (debug.cpp:321)
V  [jvm.dll+0x6850f9]  os::pd_commit_memory_or_exit+0xc9  (os_windows.cpp:3833)
V  [jvm.dll+0x67988a]  os::commit_memory_or_exit+0x2a  (os.cpp:1739)
V  [jvm.dll+0x30cbfb]  G1PageBasedVirtualSpace::commit+0x19b  (g1PageBasedVirtualSpace.cpp:204)
V  [jvm.dll+0x3140a6]  G1RegionsLargerThanCommitSizeMapper::commit_regions+0x96  (g1RegionToSpaceMapper.cpp:100)
V  [jvm.dll+0x363ede]  HeapRegionManager::expand_any+0xee  (heapRegionManager.cpp:363)
V  [jvm.dll+0x36410f]  HeapRegionManager::expand_by+0x7f  (heapRegionManager.cpp:380)
V  [jvm.dll+0x2e29c8]  G1CollectedHeap::expand+0xb8  (g1CollectedHeap.cpp:1298)
V  [jvm.dll+0x2e3934]  G1CollectedHeap::initialize+0x664  (g1CollectedHeap.cpp:1719)
V  [jvm.dll+0x812771]  universe_init+0xb1  (universe.cpp:736)
V  [jvm.dll+0x371d41]  init_globals+0x31  (init.cpp:124)
V  [jvm.dll+0x7f12bc]  Threads::create_vm+0x60c  (thread.cpp:2909)
V  [jvm.dll+0x3f59cf]  JNI_CreateJavaVM_inner+0x8f  (jni.cpp:3635)
V  [jvm.dll+0x3f7601]  JNI_CreateJavaVM+0x11  (jni.cpp:3727)
C  [jli.dll+0x528f]  JavaMain+0x113  (java.c:413)
C  [ucrtbase.dll+0x21bb2]
C  [KERNEL32.DLL+0x17374]
C  [ntdll.dll+0x4cc91]


---------------  P R O C E S S  ---------------

Threads class SMR info:
_java_thread_list=0x00007ff9552edf18, length=0, elements={
}

Java Threads: ( => current thread )

Other Threads:
  0x00000210b016df90 GCTaskThread "GC Thread#0" [stack: 0x000000ccf3200000,0x000000ccf3300000] [id=25052]
  0x00000210b017ea80 ConcurrentGCThread "G1 Main Marker" [stack: 0x000000ccf3300000,0x000000ccf3400000] [id=4480]
  0x00000210b017f3b0 ConcurrentGCThread "G1 Conc#0" [stack: 0x000000ccf3400000,0x000000ccf3500000] [id=10360]

[error occurred during error reporting (printing all threads), id 0xc0000005, EXCEPTION_ACCESS_VIOLATION (0xc0000005) at pc=0x00007ff954aa3597]

VM state: not at safepoint (not fully initialized)

VM Mutex/Monitor currently owned by a thread:  ([mutex/lock_event])
[0x00000210b0101d60] Heap_lock - owner thread: 0x00000210b01046e0

Heap address: 0x0000000703600000, size: 4042 MB, Compressed Oops mode: Zero based, Oop shift amount: 3

CDS archive(s) mapped at: [0x0000000000000000-0x0000000000000000-0x0000000000000000), size 0, SharedBaseAddress: 0x0000000800000000, ArchiveRelocationMode: 1.
Narrow klass base: 0x0000000000000000, Narrow klass shift: 0, Narrow klass range: 0x0

GC Precious Log:
<Empty>

Heap:
 garbage-first heap   total 0K, used 0K [0x0000000703600000, 0x0000000800000000)
  region size 2048K, 0 young (0K), 0 survivors (0K)
 Metaspace       used 0K, committed 0K, reserved 0K
  class space    used 0K, committed 0K, reserved 0K

Heap Regions: E=young(eden), S=young(survivor), O=old, HS=humongous(starts), HC=humongous(continues), CS=collection set, F=free, OA=open archive, CA=closed archive, TAMS=top-at-mark-start (previous, next)

Card table byte_map: [0x00000210c5300000,0x00000210c5af0000] _byte_map_base: 0x00000210c1ae5000

Marking Bits (Prev, Next): (CMBitMap*) 0x00000210b016e4c0, (CMBitMap*) 0x00000210b016e500
 Prev Bits: [0x00000210c62e0000, 0x00000210ca208000)
 Next Bits: [0x00000210ca210000, 0x00000210ce138000)

GC Heap History (0 events):
No events

Dll operation events (1 events):
Event: 0.013 Loaded shared library C:\Users\rayan\.jdks\jbr-17.0.9\bin\java.dll

Deoptimization events (0 events):
No events

Classes unloaded (0 events):
No events

Classes redefined (0 events):
No events

Internal exceptions (0 events):
No events

VM Operations (0 events):
No events

Events (0 events):
No events


Dynamic libraries:
0x00007ff6b1380000 - 0x00007ff6b138a000 	C:\Users\rayan\.jdks\jbr-17.0.9\bin\java.exe
0x00007ff9e0f70000 - 0x00007ff9e1168000 	C:\windows\SYSTEM32\ntdll.dll
0x00007ff9e0c30000 - 0x00007ff9e0cf2000 	C:\windows\System32\KERNEL32.DLL
0x00007ff9dec90000 - 0x00007ff9def86000 	C:\windows\System32\KERNELBASE.dll
0x00007ff9deb90000 - 0x00007ff9dec90000 	C:\windows\System32\ucrtbase.dll
0x00007ff9ad9d0000 - 0x00007ff9ad9e7000 	C:\Users\rayan\.jdks\jbr-17.0.9\bin\jli.dll
0x00007ff9dfe70000 - 0x00007ff9e0011000 	C:\windows\System32\USER32.dll
0x00007ff9de710000 - 0x00007ff9de732000 	C:\windows\System32\win32u.dll
0x00007ff9e02d0000 - 0x00007ff9e02fb000 	C:\windows\System32\GDI32.dll
0x00007ff9dea40000 - 0x00007ff9deb59000 	C:\windows\System32\gdi32full.dll
0x00007ff9de950000 - 0x00007ff9de9ed000 	C:\windows\System32\msvcp_win.dll
0x00007ff9b2ad0000 - 0x00007ff9b2aeb000 	C:\Users\rayan\.jdks\jbr-17.0.9\bin\VCRUNTIME140.dll
0x00007ff9c2b40000 - 0x00007ff9c2ddb000 	C:\windows\WinSxS\amd64_microsoft.windows.common-controls_6595b64144ccf1df_6.0.19041.6456_none_60b8a6cb71f64256\COMCTL32.dll
0x00007ff9df600000 - 0x00007ff9df69e000 	C:\windows\System32\msvcrt.dll
0x00007ff9e0020000 - 0x00007ff9e004f000 	C:\windows\System32\IMM32.DLL
0x00007ff9baae0000 - 0x00007ff9baaec000 	C:\Users\rayan\.jdks\jbr-17.0.9\bin\vcruntime140_1.dll
0x00007ff99e050000 - 0x00007ff99e0dd000 	C:\Users\rayan\.jdks\jbr-17.0.9\bin\msvcp140.dll
0x00007ff9547b0000 - 0x00007ff955432000 	C:\Users\rayan\.jdks\jbr-17.0.9\bin\server\jvm.dll
0x00007ff9e0050000 - 0x00007ff9e0101000 	C:\windows\System32\ADVAPI32.dll
0x00007ff9e03f0000 - 0x00007ff9e048f000 	C:\windows\System32\sechost.dll
0x00007ff9df0c0000 - 0x00007ff9df1e0000 	C:\windows\System32\RPCRT4.dll
0x00007ff9deb60000 - 0x00007ff9deb87000 	C:\windows\System32\bcrypt.dll
0x00007ff9ddb10000 - 0x00007ff9ddb5b000 	C:\windows\SYSTEM32\POWRPROF.dll
0x00007ff9da490000 - 0x00007ff9da499000 	C:\windows\SYSTEM32\WSOCK32.dll
0x00007ff9e0ec0000 - 0x00007ff9e0f2b000 	C:\windows\System32\WS2_32.dll
0x00007ff9d0520000 - 0x00007ff9d0547000 	C:\windows\SYSTEM32\WINMM.dll
0x00007ff9d6600000 - 0x00007ff9d660a000 	C:\windows\SYSTEM32\VERSION.dll
0x00007ff9dd9d0000 - 0x00007ff9dd9e2000 	C:\windows\SYSTEM32\UMPDC.dll
0x00007ff9dc610000 - 0x00007ff9dc622000 	C:\windows\SYSTEM32\kernel.appcore.dll
0x00007ff9b2ac0000 - 0x00007ff9b2aca000 	C:\Users\rayan\.jdks\jbr-17.0.9\bin\jimage.dll
0x00007ff9dbd10000 - 0x00007ff9dbf11000 	C:\windows\SYSTEM32\DBGHELP.DLL
0x00007ff9beb00000 - 0x00007ff9beb34000 	C:\windows\SYSTEM32\dbgcore.DLL
0x00007ff9de680000 - 0x00007ff9de702000 	C:\windows\System32\bcryptPrimitives.dll
0x00007ff9a12e0000 - 0x00007ff9a12ee000 	C:\Users\rayan\.jdks\jbr-17.0.9\bin\instrument.dll
0x00007ff99f200000 - 0x00007ff99f225000 	C:\Users\rayan\.jdks\jbr-17.0.9\bin\java.dll

dbghelp: loaded successfully - version: 4.0.5 - missing functions: none
symbol engine: initialized successfully - sym options: 0x614 - pdb path: .;C:\Users\rayan\.jdks\jbr-17.0.9\bin;C:\windows\SYSTEM32;C:\windows\WinSxS\amd64_microsoft.windows.common-controls_6595b64144ccf1df_6.0.19041.6456_none_60b8a6cb71f64256;C:\Users\rayan\.jdks\jbr-17.0.9\bin\server

VM Arguments:
jvm_args: -Dmaven.multiModuleProjectDirectory=D:\Downloads 2\MS_Reforme_Cours\PIDEV2026\EnglishSchoolManagement_Backend\schedule-service -Djansi.passthrough=true -Dmaven.home=D:\IntelliJ IDEA 2023.2.1\plugins\maven\lib\maven3 -Dclassworlds.conf=D:\IntelliJ IDEA 2023.2.1\plugins\maven\lib\maven3\bin\m2.conf -Dmaven.ext.class.path=D:\IntelliJ IDEA 2023.2.1\plugins\maven\lib\maven-event-listener.jar -javaagent:D:\IntelliJ IDEA 2023.2.1\lib\idea_rt.jar=63798:D:\IntelliJ IDEA 2023.2.1\bin -Dfile.encoding=UTF-8 
java_command: org.codehaus.classworlds.Launcher -Didea.version=2023.2.1 clean package -DskipTests
java_class_path (initial): D:\IntelliJ IDEA 2023.2.1\plugins\maven\lib\maven3\boot\plexus-classworlds-2.7.0.jar;D:\IntelliJ IDEA 2023.2.1\plugins\maven\lib\maven3\boot\plexus-classworlds.license
Launcher Type: SUN_STANDARD

[Global flags]
     intx CICompilerCount                          = 4                                         {product} {ergonomic}
     uint ConcGCThreads                            = 2                                         {product} {ergonomic}
     uint G1ConcRefinementThreads                  = 8                                         {product} {ergonomic}
   size_t G1HeapRegionSize                         = 2097152                                   {product} {ergonomic}
    uintx GCDrainStackTargetSize                   = 64                                        {product} {ergonomic}
   size_t InitialHeapSize                          = 266338304                                 {product} {ergonomic}
   size_t MarkStackSize                            = 4194304                                   {product} {ergonomic}
   size_t MaxHeapSize                              = 4238344192                                {product} {ergonomic}
   size_t MinHeapDeltaBytes                        = 2097152                                   {product} {ergonomic}
   size_t MinHeapSize                              = 8388608                                   {product} {ergonomic}
    uintx NonNMethodCodeHeapSize                   = 5839372                                {pd product} {ergonomic}
    uintx NonProfiledCodeHeapSize                  = 122909434                              {pd product} {ergonomic}
    uintx ProfiledCodeHeapSize                     = 122909434                              {pd product} {ergonomic}
    uintx ReservedCodeCacheSize                    = 251658240                              {pd product} {ergonomic}
     bool SegmentedCodeCache                       = true                                      {product} {ergonomic}
   size_t SoftMaxHeapSize                          = 4238344192                             {manageable} {ergonomic}
     bool UseCompressedClassPointers               = true                           {product lp64_product} {ergonomic}
     bool UseCompressedOops                        = true                           {product lp64_product} {ergonomic}
     bool UseG1GC                                  = true                                      {product} {ergonomic}
     bool UseLargePagesIndividualAllocation        = false                                  {pd product} {ergonomic}

Logging:
Log output configuration:
 #0: stdout all=warning uptime,level,tags
 #1: stderr all=off uptime,level,tags

Environment Variables:
JAVA_HOME=C:\Program Files\Java\jdk-20.0.2
PATH=C:\Program Files\Common Files\Oracle\Java\javapath;C:\Program Files\Java\jdk-1.8\bin;C:\oraclexe\app\oracle\product\11.2.0\server\bin;C:\Program Files (x86)\Common Files\Intel\Shared Libraries\redist\intel64\compiler;C:\windows\system32;C:\windows;C:\windows\System32\Wbem;C:\windows\System32\WindowsPowerShell\v1.0\;C:\windows\System32\OpenSSH\;C:\Program Files (x86)\NVIDIA Corporation\PhysX\Common;C:\Program Files\NVIDIA Corporation\NVIDIA NvDLISR;C:\Program Files\TortoiseGit\bin;C:\Strawberry\c\bin;C:\Strawberry\perl\site\bin;C:\Strawberry\perl\bin;C:\oraclexe\app\oracle\product\11.2.0\server\bin;C:\Instantclient12_2;C:\oraclexe\app\oracle\admin\XE;C:\oraclexe;D:\Xnewxampp\php;C:\ProgramData\ComposerSetup\bin;C:\Program Files\Git\cmd;C:\Program Files\HP\HP One Agent;C:\Program Files\Java\jdk-1.8\bin;D:\Xnewxampp\XnewXammpp\php;D:\Xnewxampp\XnewXammpp\php;C:\Program Files\Microsoft SQL Server\150\Tools\Binn\;C:\Program Files\Microsoft SQL Server\Client SDK\ODBC\170\Tools\Binn\;C:\Program Files\dotnet\;D:\1Node\;C:\Program Files\Docker\Docker\resources\bin;C:\Program Files\Java\jdk-20.0.2\bin;C:\Program Files\Common Files\Oracle\Java\javapath;C:\Program Files\Java\jdk-1.8\bin;C:\oraclexe\app\oracle\product\11.2.0\server\bin;C:\Program Files (x86)\Common Files\Intel\Shared Libraries\redist\intel64\compiler;C:\windows\system32;C:\windows;C:\windows\System32\Wbem;C:\windows\System32\WindowsPowerShell\v1.0\;C:\windows\System32\OpenSSH\;C:\Program Files (x86)\NVIDIA Corporation\PhysX\Common;C:\Program Files\NVIDIA Corporation\NVIDIA NvDLISR;C:\Program Files\TortoiseGit\bin;C:\Strawberry\c\bin;C:\Strawberry\perl\site\bin;C:\Strawberry\perl\bin;C:\oraclexe\app\oracle\product\11.2.0\server\bin;C:\Instantclient12_2;C:\oraclexe\app\oracle\admin\XE;C:\oraclexe;D:\Xnewxampp\php;C:\ProgramData\ComposerSetup\bin;C:\Program Files\Git\cmd;C:\Program Files\HP\HP One Agent;C:\Program Files\Java\jdk-1.8\bin;C:\Users\rayan\scoop\shims;C:\Users\rayan\AppData\Local\Microsoft\WindowsApps
USERNAME=rayan
OS=Windows_NT
PROCESSOR_IDENTIFIER=Intel64 Family 6 Model 165 Stepping 2, GenuineIntel
TMP=C:\Users\rayan\AppData\Local\Temp
TEMP=C:\Users\rayan\AppData\Local\Temp



Periodic native trim disabled

JNI global refs:
JNI global refs: 0, weak refs: 0

JNI global refs memory usage: 0, weak refs: 0

OOME stack traces (most recent first):
Classloader memory used:


---------------  S Y S T E M  ---------------

OS:
 Windows 10 , 64 bit Build 19041 (10.0.19041.5915)
OS uptime: 0 days 1:45 hours
Hyper-V role detected

CPU: total 8 (initial active 8) (4 cores per cpu, 2 threads per core) family 6 model 165 stepping 2 microcode 0xf0, cx8, cmov, fxsr, ht, mmx, 3dnowpref, sse, sse2, sse3, ssse3, sse4.1, sse4.2, popcnt, lzcnt, tsc, tscinvbit, avx, avx2, aes, erms, clmul, bmi1, bmi2, adx, fma, vzeroupper, clflush, clflushopt, hv
Processor Information for all 8 processors :
  Max Mhz: 2496, Current Mhz: 2496, Mhz Limit: 2496

Memory: 4k page, system-wide physical 16160M (1819M free)
TotalPageFile size 25365M (AvailPageFile size 37M)
current process WorkingSet (physical memory assigned to process): 49M, peak: 49M
current process commit charge ("private bytes"): 100M, peak: 314M

vm_info: OpenJDK 64-Bit Server VM (17.0.9+8-b1166.2) for windows-amd64 JRE (17.0.9+8-b1166.2), built on 2024-01-13 by "builduser" with MS VC++ 16.10 / 16.11 (VS2019)

END.
